Error in file `UnknownNames.txt`:
 Define translation for `Characterinfo`
